fractopts0.001um.txt
fractopts0.002um.txt
fractopts0.003um.txt
fractopts0.004um.txt
fractopts0.005um.txt
fractopts0.006um.txt
fractopts0.007um.txt
fractopts0.008um.txt
fractopts0.009um.txt
fractopts0.010um.txt
fractopts0.030um.txt
fractopts0.050um.txt
fractopts0.070um.txt
fractopts0.100um.txt
fractopts0.130um.txt
fractopts0.150um.txt
fractopts0.170um.txt
fractopts0.200um.txt
fractopts0.230um.txt
fractopts0.250um.txt
fractopts0.270um.txt
fractopts0.300um.txt
fractopts0.330um.txt
fractopts0.350um.txt
fractopts0.370um.txt
fractopts0.400um.txt
fractopts0.430um.txt
fractopts0.450um.txt
fractopts0.470um.txt
fractopts0.500um.txt
fractopts0.530um.txt
fractopts0.550um.txt
fractopts0.570um.txt
fractopts0.600um.txt
fractopts0.630um.txt
fractopts0.650um.txt
fractopts0.670um.txt
fractopts0.700um.txt
fractopts0.730um.txt
fractopts0.750um.txt
fractopts0.770um.txt
fractopts0.800um.txt
fractopts0.830um.txt
fractopts0.850um.txt
fractopts0.870um.txt
fractopts0.900um.txt
fractopts0.930um.txt
fractopts0.950um.txt
fractopts0.970um.txt
fractopts1.000um.txt
fractopts2.000um.txt
